app/(host-tabs)/dashboard.tsx(123,69): error TS2339: Property 'page' does not exist on type 'MyEventsResponse'.
app/(host-tabs)/dashboard.tsx(136,43): error TS2345: Argument of type 'MyEventsResponse | { content: never[]; page: { totalElements: number; totalPages: number; size: number; number: number; }; }' is not assignable to parameter of type 'MyEventsResponse'.
  Type '{ content: never[]; page: { totalElements: number; totalPages: number; size: number; number: number; }; }' is missing the following properties from type 'MyEventsResponse': totalPages, totalElements, number, size, last
app/(host-tabs)/events.tsx(140,34): error TS2339: Property 'status' does not exist on type 'MyEventItem'.
app/(host-tabs)/events.tsx(145,42): error TS2339: Property 'page' does not exist on type 'MyEventsResponse'.
app/(host-tabs)/events.tsx(145,69): error TS2339: Property 'page' does not exist on type 'MyEventsResponse'.
app/components/host/event-details/EventSessionModal.tsx(5,10): error TS2724: '"@/services/event-service"' has no exported member named 'EventSessionResponse'. Did you mean 'MyEventsResponse'?
app/components/host/event-details/EventSessionModal.tsx(31,13): error TS2322: Type '"/screen/host-sceens/event-applications"' is not assignable to type '"/" | RelativePathString | ExternalPathString | "/_sitemap" | "/(host-tabs)/dashboard" | "/dashboard" | "/(host-tabs)/events" | ... 48 more ... | "/screen/register"'.
app/index.tsx(17,39): error TS2820: Type '"/(vol-tabs)/home"' is not assignable to type '"/" | RelativePathString | ExternalPathString | `/?${string}` | `/#${string}` | "/_sitemap" | `/_sitemap?${string}` | `/_sitemap#${string}` | "/(host-tabs)/dashboard" | ... 203 more ... | { ...; }'. Did you mean '"/(tabs)/home"'?
app/index.tsx(20,42): error TS2820: Type '"/(vol-tabs)/home"' is not assignable to type '"/" | RelativePathString | ExternalPathString | `/?${string}` | `/#${string}` | "/_sitemap" | `/_sitemap?${string}` | `/_sitemap#${string}` | "/(host-tabs)/dashboard" | ... 203 more ... | { ...; }'. Did you mean '"/(tabs)/home"'?
app/screen/common/login.tsx(32,32): error TS2345: Argument of type '"/(vol-tabs)/home"' is not assignable to parameter of type '"/" | RelativePathString | ExternalPathString | `/?${string}` | `/#${string}` | "/_sitemap" | `/_sitemap?${string}` | `/_sitemap#${string}` | "/(host-tabs)/dashboard" | ... 203 more ... | { ...; }'.
app/screen/host-screens/create-event.tsx(541,13): error TS2353: Object literal may only specify known properties, and 'detailAddress' does not exist in type 'EventCreateRequest'.
app/screen/volunteer-screens/event-detail-vol.tsx(23,5): error TS2724: '"@/services/event-service"' has no exported member named 'EventSessionResponse'. Did you mean 'MyEventsResponse'?
app/screen/volunteer-screens/event-detail-vol.tsx(151,29): error TS2345: Argument of type '"/(vol-tabs)/home"' is not assignable to parameter of type '"/" | RelativePathString | ExternalPathString | `/?${string}` | `/#${string}` | "/_sitemap" | `/_sitemap?${string}` | `/_sitemap#${string}` | "/(host-tabs)/dashboard" | ... 203 more ... | { ...; }'.
app/screen/volunteer-screens/event-feed.tsx(186,29): error TS2345: Argument of type '"/(vol-tabs)/home"' is not assignable to parameter of type '"/" | RelativePathString | ExternalPathString | `/?${string}` | `/#${string}` | "/_sitemap" | `/_sitemap?${string}` | `/_sitemap#${string}` | "/(host-tabs)/dashboard" | ... 203 more ... | { ...; }'.
app/screen/volunteer-screens/my-applications.tsx(453,29): error TS2345: Argument of type '"/(vol-tabs)/home"' is not assignable to parameter of type '"/" | RelativePathString | ExternalPathString | `/?${string}` | `/#${string}` | "/_sitemap" | `/_sitemap?${string}` | `/_sitemap#${string}` | "/(host-tabs)/dashboard" | ... 203 more ... | { ...; }'.
